// Jest Snapshot v1, https://goo.gl/fbAQLP

exports[`TheDate component renders the UI as expected 1`] = `
<div>
  10/9/2019, 10:32:57 PM
</div>
`;
